stm32f3xx_ll_gpio.h:879:22:LL_GPIO_SetOutputPin	16	static
stm32f3xx_ll_gpio.h:908:22:LL_GPIO_ResetOutputPin	16	static
letters.c:13:6:V	8	static
letters.c:36:6:L	8	static
letters.c:59:6:A	8	static
letters.c:82:6:D	8	static
letters.c:105:6:I	8	static
letters.c:127:6:M	8	static
letters.c:149:6:R	8	static
letters.c:173:6:_	8	static
letters.c:194:6:B	8	static
letters.c:215:6:E	8	static
letters.c:236:6:N	8	static
letters.c:257:6:K	8	static
letters.c:281:6:eight	8	static
letters.c:302:6:six	8	static
letters.c:325:6:four	8	static
letters.c:347:6:two	8	static
